RAM Allocation [bytes]
Variable                                                                          Address   Size
------------------------------------------------------------------------------------------------
get_time                                                                          0x0160       2
set_mode                                                                          0x0162       1
set                                                                               0x0163       1
mode                                                                              0x0164       1
ring                                                                              0x0165       1
ring_disp                                                                         0x0166       1
old_min                                                                           0x0167       1
symbol                                                                            0x0168       1
flashing                                                                          0x0169       2
disp                                                                              0x016B       1
back2time                                                                         0x016C       4

EEPROM Allocation [bytes]
Variable                                                                          Address   Size
------------------------------------------------------------------------------------------------

Register Allocation
Variable                                                                          Register  Size
------------------------------------------------------------------------------------------------
hour                                                                              R5           1
min                                                                               R4           1
sec                                                                               R7           1
week                                                                              R6           1
day                                                                               R9           1
mon                                                                               R8           1
year                                                                              R11          1
ring_set                                                                          R10          1
bt_set                                                                            R12,R13      2

FLASH Allocation [words]
Function                                                                          Address   Size
------------------------------------------------------------------------------------------------
WriteEeprom                                                                       0x0006C     12
ReadEeprom                                                                        0x00078     10
buzzer                                                                            0x00082     26
set_button                                                                        0x0009C     50
mode_button                                                                       0x000CE     42
ring_button                                                                       0x000F8     39
display                                                                           0x0011F    156
timer0_ovf_isr                                                                    0x001BB    170
main                                                                              0x00265    127
rtc_init                                                                          0x002E4     22
rtc_get_time                                                                      0x002FA     15
rtc_set_time                                                                      0x00309      8
rtc_get_date                                                                      0x00311     16
rtc_set_date                                                                      0x00321     11
putchar                                                                           0x0032C      7
put_usart_G101                                                                    0x00333      7
_print_G101                                                                       0x0033A    278
printf                                                                            0x00450     30
bcd2bin                                                                           0x0046E     13
bin2bcd                                                                           0x0047B     10
strlen                                                                            0x00485     11
strlenf                                                                           0x00490     12
